▲ Next.js 16.3.5 (webpack)
✓ Running next.config.mjs took 6ms

  Creating an optimized production build ...
✓ Compiled successfully in 3.8s
  Running TypeScript ...
  Finished TypeScript in 3.5s ...
  Collecting page data using 13 workers ...
  Generating static pages using 13 workers (0/11) ...
  Generating static pages using 13 workers (2/11) 
  Generating static pages using 13 workers (5/11) 
  Generating static pages using 13 workers (8/11) 
✓ Generating static pages using 13 workers (11/11) in 177ms
  Finalizing page optimization ...
  Collecting build traces ...

Route (app)
┌ ○ /
├ ○ /_not-found
├ ○ /admin
├ ƒ /api/access/invite
├ ƒ /api/contact-documents/file
├ ƒ /api/drive/delete
├ ƒ /api/drive/diagnostic
├ ƒ /api/drive/file
├ ƒ /api/drive/folders
├ ƒ /api/drive/upload
├ ƒ /api/drive/vendor-bank-accounts/upload
├ ƒ /api/publisher
├ ○ /charges
├ ○ /icon.png
├ ○ /izord
├ ○ /publisher
└ ○ /spaces


○  (Static)   prerendered as static content
ƒ  (Dynamic)  server-rendered on demand

